Test 20: 200 words in 5 columns, indent 3, total width 100
12345678901234567890123456789012345678901234567890123456789012345678901234567890
   0                                               find                                            
   1                                               first                                           
   10                                              fixed                                           
   11                                              flow                                            
   12                                              follow                                          
   13                                              following                                       
   14                                              for                                             
   15                                              forbid                                          
   16                                              force                                           
   17                                              form                                            
   1996                                            format                                          
   2                                               found                                           
   20                                              free                                            
   2007                                            freedom                                         
   28                                              freedoms                                        
   29                                              from                                            
   3                                               fulfilling                                      
   30                                              full                                            
   4                                               functioning                                     
   5                                               fundamentally                                   
   6                                               further                                         
   60                                              future                                          
   6b                                              general                                         
   6d                                              general-purpose                                 
   7                                               generally                                       
   8                                               generate                                        
   9                                               get                                             
   A                                               give                                            
   ABOVE                                           given                                           
   ABSOLUTELY                                      gives                                           
   ADVISED                                         giving                                          
   AGREED                                          governed                                        
   ALL                                             grant                                           
   AND                                             granted                                         
   AND/OR                                          grants                                          
   ANY                                             gratis                                          
   APPLICABLE                                      greatest                                        
   ARISING                                         guarantee                                       
   AS                                              had                                             
   ASSUME                                          has                                             
   Acceptance                                      have                                            
   Access                                          having                                          
   Additional                                      hereafter                                       
   Affero                                          holder                                          
   All                                             holders                                         
   Also                                            hope                                            
   An                                              hosts                                           
   Ancillary                                       household                                       
   And                                             how                                             
   Anti-Circumvention                              however                                         
   Any                                             http://fsf.org                                  
   Apply                                           http://www.gnu.org/licenses                     
   Appropriate                                     http://www.gnu.org/philosophy/why-not-lgpl.html 
   Automatic                                       hypothetical                                    
   BE                                              idea                                            
   BEEN                                            identifiable                                    
   BEING                                           if                                              
   BUT                                             implement                                       
   BY                                              implementation                                  
   Basic                                           implied                                         
   But                                             import                                          
   By                                              importing                                       
   C                                               impose                                          
   CONDITIONS                                      imposed                                         
   CONSEQUENTIAL                                   in                                              
   CONVEYS                                         include                                         
   COPYRIGHT                                       included                                        
   CORRECTION                                      includes                                        
   COST                                            including                                       
   Code                                            incompatible                                    
   Component                                       incorporating                                   
   Convey                                          incorporation                                   
   Conveying                                       indemnification                                 
   Copies                                          independent                                     
   Copyright                                       indicate                                        
   Corresponding                                   indicating                                      
   DAMAGES                                         individual                                      
   DATA                                            individuals                                     
   DEFECTIVE                                       industrial                                      
   December                                        inform                                          
   Declining                                       information                                     
   Definitions                                     infringe                                        
   Developers                                      infringed                                       
   Disclaimer                                      infringement                                    
   Disclaiming                                     initiate                                        
   Downstream                                      inside                                          
   EITHER                                          install                                         
   END                                             installed                                       
   ENTIRE                                          instead                                         
   EVEN                                            intact                                          
   EVENT                                           intended                                        
   EXCEPT                                          intention                                       
   EXPRESSED                                       interaction                                     
   EXTENT                                          interactive                                     
   Each                                            interchange                                     
   Everyone                                        interest                                        
   FAILURE                                         interface                                       
   FITNESS                                         interfaces                                      
   FOR                                             interfered                                      
   Finally                                         interpreter                                     
   For                                             intimate                                        
   Forms                                           into                                            
   Foundation                                      invalidate                                      
   Free                                            irrevocable                                     
   Freedom                                         is                                              
   From                                            it                                              
   GENERAL                                         item                                            
   GNU                                             its                                             
   GPL                                             itself                                          
   GPL-3.0                                         keep                                            
   GUI                                             kernel                                          
   General                                         key                                             
   HAS                                             keys                                            
   HOLDER                                          kind                                            
   HOLDERS                                         kinds                                           
   Having                                          know                                            
   How                                             knowingly                                       
   However                                         knowledge                                       
   IF                                              language                                        
   IMPLIED                                         larger                                          
   IN                                              later                                           
   INABILITY                                       law                                             
   INACCURATE                                      laws                                            
   INCIDENTAL                                      lawsuit                                         
   INCLUDING                                       least                                           
   IS                                              legal                                           
   If                                              liability                                       
   In                                              liable                                          
   Inc                                             libraries                                       
   Inclusion                                       library                                         
   Information                                     license                                         
   Installation                                    licensed                                        
   Interface                                       licensee                                        
   Interpretation                                  licensees                                       
   It                                              licenses                                        
   June                                            licensors                                       
   KIND                                            like                                            
   Knowingly                                       likewise                                        
   LAW                                             limit                                           
   LIABLE                                          limitation                                      
   LICENSE                                         limiting                                        
   LIMITED                                         line                                            
   LOSS                                            link                                            
   LOSSES                                          linked                                          
   Later                                           linking                                         
   Law                                             list                                            
   Legal                                           litigation                                      
   Lesser                                          local                                           
   Liability                                       long                                            
   Libraries                                       machine-readable                                
   Library                                         made                                            
   License                                         mail                                            
   Licensees                                       maintain                                        
   Licenses                                        major                                           
   Licensing                                       make                                            
   Limitation                                      makes                                           
   Limiting                                        making                                          
   MERCHANTABILITY                                 manner                                          
   MODIFIES                                        manufacturer                                    
   Major                                           marked                                          
   March                                           marks                                           
   Mere                                            masks                                           
   Modified                                        material                                        
   Moreover                                        materially                                      
   NECESSARY                                       may                                             
   NO                                              meaning                                         
   NOT                                             means                                           
   New                                             measure                                         
   No                                              measures                                        
   Non-Source                                      medium                                          
   Not                                             meet                                            
   Nothing                                         meets                                           
   Notices                                         menu                                            
   Notwithstanding                                 merging                                         
   OF                                              met                                             
   OPERATE                                         methods                                         
   OR                                              might                                           
   OTHER                                           misrepresentation                               
   OTHERWISE                                       mode                                            
   OUT                                             model                                           
   Object                                          modification                                    
   Of                                              modifications                                   
   Others                                          modified                                        
   Our                                             modifies                                        
   PARTICULAR                                      modify                                          
   PARTIES                                         modifying                                       
   PARTY                                           more                                            
   PERFORMANCE                                     most                                            
   PERMITTED                                       must                                            
   POSSIBILITY                                     name                                            
   PROGRAM                                         names                                           
   PROGRAMS                                        nature                                          
   PROVE                                           necessary                                       
   PROVIDE                                         need                                            
   PUBLIC                                          needed                                          
   PURPOSE                                         neither                                         
   Patents                                         network                                         
   Permissions                                     new                                             
   Preamble                                        next                                            
   Product                                         no                                              
   Program                                         non-consumer                                    
   Program's                                       non-exclusive                                   
   Programs                                        non-exercise                                    
   Prohibiting                                     non-free                                        
   Propagation                                     non-permissive                                  
   Protecting                                      non-source                                      
   Public                                          noncommercially                                 
   QUALITY                                         nor                                             
   RENDERED                                        normal                                          
   REPAIR                                          normally                                        
   REQUIRED                                        not                                             
   RISK                                            nothing                                         
   ROM                                             notice                                          
   Recipients                                      notices                                         
   Regardless                                      notifies                                        
   Required                                        notify                                          
   Requiring                                       number                                          
   Revised                                         numbered                                        
   Rights                                          object                                          
   SERVICING                                       obligate                                        
   SHOULD                                          obligated                                       
   SPECIAL                                         obligations                                     
   STATED                                          occasionally                                    
   SUCH                                            occurring                                       
   SUSTAINED                                       occurs                                          
   Sections                                        of                                              
   See                                             offer                                           
   Software                                        offered                                         
   Some                                            offering                                        
   Source                                          official                                        
   Standard                                        on                                              
   States                                          one                                             
   Sublicensing                                    only                                            
   Such                                            operated                                        
   Surrender                                       operating                                       
   System                                          operation                                       
   TERMS                                           option                                          
   THE                                             options                                         
   THERE                                           or                                              
   THIRD                                           order                                           
   TO                                              organization                                    
   Termination                                     organizations                                   
   Terms                                           origin                                          
   The                                             original                                        
   Therefore                                       other                                           
   These                                           others                                          
   This                                            otherwise                                       
   Those                                           our                                             
   To                                              output                                          
   UNLESS                                          outside                                         
   USE                                             own                                             
   Use                                             owned                                           
   User                                            packaged                                        
   Users                                           packaging                                       
   Verbatim                                        paper                                           
   Version                                         paragraph                                       
   Versions                                        paragraphs                                      
   WARRANTIES                                      part                                            
   WARRANTY                                        particular                                      
   WHEN                                            parties                                         
   WHO                                             parts                                           
   WILL                                            party                                           
   WIPO                                            party's                                         
   WITH                                            pass                                            
   WITHOUT                                         password                                        
   WRITING                                         patent                                          
   Warranty                                        patents                                         
   We                                              pattern                                         
   When                                            payment                                         
   YOU                                             peer-to-peer                                    
   You                                             peers                                           
   Your                                            performing                                      
   a                                               permanently                                     
   ability                                         permission                                      
   about                                           permissions                                     
   above                                           permissive                                      
   absence                                         permit                                          
   absolute                                        permits                                         
   abuse                                           permitted                                       
   accept                                          perpetuity                                      
   acceptance                                      personal                                        
   access                                          pertinent                                       
   accessible                                      physical                                        
   accompanied                                     physically                                      
   accompanies                                     pieces                                          
   accord                                          place                                           
   according                                       please                                          
   achieve                                         plus                                            
   acknowledges                                    pointer                                         
   acquired                                        portion                                         
   across                                          possesses                                       
   actions                                         possession                                      
   activities                                      possible                                        
   activity                                        power                                           
   actual                                          practical                                       
   actually                                        practice                                        
   adapt                                           precise                                         
   add                                             precisely                                       
   added                                           predecessor                                     
   additional                                      preferred                                       
   address                                         present                                         
   addressed                                       presents                                        
   adopted                                         preservation                                    
   adversely                                       prevent                                         
   affects                                         prevented                                       
   affirmed                                        previous                                        
   affirms                                         price                                           
   after                                           primarily                                       
   against                                         prior                                           
   aggregate                                       private                                         
   agree                                           problems                                        
   agreement                                       procedures                                      
   aim                                             procuring                                       
   all                                             produce                                         
   alleging                                        product                                         
   allow                                           products                                        
   allowed                                         program                                         
   along                                           program's                                       
   already                                         program--to                                     
   also                                            programmer                                      
   alternative                                     programming                                     
   although                                        programs                                        
   among                                           prohibit                                        
   an                                              prohibiting                                     
   and                                             prohibits                                       
   and/or                                          prominent                                       
   any                                             prominently                                     
   anyone                                          propagate                                       
   anything                                        propagating                                     
   applicable                                      propagation                                     
   applications                                    property                                        
   applied                                         proprietary                                     
   applies                                         protect                                         
   apply                                           protecting                                      
   appropriate                                     protection                                      
   appropriately                                   protocols                                       
   approximates                                    provide                                         
   are                                             provided                                        
   area                                            provision                                       
   arise                                           provisionally                                   
   arrange                                         proxy                                           
   arrangement                                     proxy's                                         
   article                                         public                                          
   as                                              publicity                                       
   asking                                          publicly                                        
   assert                                          publish                                         
   assets                                          published                                       
   associated                                      purpose                                         
   assumption                                      purposes                                        
   assumptions                                     pursuant                                        
   assures                                         qualify                                         
   at                                              read                                            
   attach                                          readily                                         
   attempt                                         reading                                         
   attributed                                      ready                                           
   attributions                                    reason                                          
   author                                          reasonable                                      
   authorization                                   receipt                                         
   authorized                                      receive                                         
   authorizes                                      received                                        
   authorizing                                     receives                                        
   authors                                         receiving                                       
   automatically                                   recipient                                       
   available                                       recipient's                                     
   avoid                                           recipients                                      
   away                                            recognized                                      
   b                                               redistribute                                    
   based                                           referring                                       
   be                                              refers                                          
   because                                         refrain                                         
   been                                            regard                                          
   behalf                                          regardless                                      
   being                                           regenerate                                      
   believe                                         reinstated                                      
   below                                           relationship                                    
   benefit                                         released                                        
   best                                            relevant                                        
   between                                         relicensing                                     
   beyond                                          relying                                         
   body                                            remain                                          
   both                                            remains                                         
   box                                             removal                                         
   brief                                           remove                                          
   business                                        render                                          
   but                                             represent                                       
   by                                              require                                         
   c                                               required                                        
   called                                          requirement                                     
   can                                             requirements                                    
   cannot                                          requires                                        
   carry                                           requiring                                       
   case                                            resolved                                        
   cases                                           respect                                         
   cause                                           responsibilities                                
   cease                                           responsible                                     
   certain                                         restrict                                        
   cessation                                       restricting                                     
   change                                          restriction                                     
   changed                                         restrictions                                    
   changing                                        result                                          
   characterized                                   resulting                                       
   charge                                          results                                         
   choose                                          retains                                         
   choosing                                        return                                          
   circumstances                                   reviewing                                       
   circumvention                                   revised                                         
   civil                                           right                                           
   claim                                           rights                                          
   claims                                          royalty                                         
   class                                           royalty-free                                    
   clear                                           rules                                           
   clearly                                         run                                             
   closely                                         running                                         
   code                                            runs                                            
   collect                                         safest                                          
   combination                                     sake                                            
   combine                                         sale                                            
   combined                                        same                                            
   comes                                           satisfy                                         
   commands                                        saying                                          
   commercial                                      school                                          
   commitment                                      scope                                           
   common                                          scripts                                         
   communication                                   secondarily                                     
   compilation                                     section                                         
   compilation's                                   sections                                        
   compilations                                    see                                             
   compiler                                        sell                                            
   compliance                                      selling                                         
   comply                                          semiconductor                                   
   component                                       separable                                       
   computer                                        separate                                        
   computers                                       separately                                      
   concerning                                      server                                          
   concerns                                        serves                                          
   conditioned                                     service                                         
   conditions                                      shall                                           
   connection                                      share                                           
   consequence                                     shared                                          
   consider                                        short                                           
   considered                                      should                                          
   consistent                                      show                                            
   conspicuously                                   sign                                            
   constantly                                      significant                                     
   constitutes                                     similar                                         
   construed                                       simultaneously                                  
   consumer                                        single                                          
   contact                                         so                                              
   contain                                         software                                        
   containing                                      sold                                            
   contains                                        sole                                            
   content                                         solely                                          
   contents                                        some                                            
   context                                         source                                          
   continue                                        spare                                           
   continued                                       speak                                           
   contractual                                     special                                         
   contradict                                      specific                                        
   contrast                                        specifically                                    
   contributor                                     specified                                       
   contributor's                                   specifies                                       
   control                                         specify                                         
   controlled                                      spirit                                          
   convenient                                      stand                                           
   convey                                          standard                                        
   conveyance                                      standards                                       
   conveyed                                        start                                           
   conveying                                       starts                                          
   conveys                                         state                                           
   copies                                          stated                                          
   copy                                            statement                                       
   copying                                         stating                                         
   copyleft                                        status                                          
   copyright                                       steps                                           
   copyright-like                                  storage                                         
   copyrightable                                   subdividing                                     
   copyrighted                                     subject                                         
   cost                                            sublicenses                                     
   could                                           subprograms                                     
   counterclaim                                    subroutine                                      
   countries                                       subsection                                      
   country                                         substantial                                     
   course                                          substantially                                   
   court                                           such                                            
   courts                                          sue                                             
   covenant                                        suffice                                         
   coverage                                        supplement                                      
   covered                                         support                                         
   criterion                                       supports                                        
   cross-claim                                     sure                                            
   cure                                            surrender                                       
   customarily                                     survive                                         
   customer                                        system                                          
   d                                               systematic                                      
   danger                                          take                                            
   data                                            tangible                                        
   date                                            technological                                   
   days                                            tells                                           
   decide                                          term                                            
   deemed                                          terminal                                        
   defenses                                        terminate                                       
   defined                                         terminated                                      
   definition                                      terminates                                      
   denied                                          terms                                           
   denominated                                     than                                            
   deny                                            that                                            
   denying                                         the                                             
   deprive                                         their                                           
   designated                                      them                                            
   designed                                        then                                            
   detail                                          there                                           
   details                                         therefore                                       
   determining                                     these                                           
   develop                                         they                                            
   developers                                      things                                          
   development                                     third                                           
   devices                                         this                                            
   differ                                          those                                           
   different                                       though                                          
   differently                                     threatened                                      
   direction                                       three                                           
   directions                                      through                                         
   directly                                        thus                                            
   disclaim                                        time                                            
   disclaimer                                      to                                              
   discriminatory                                  too                                             
   display                                         tools                                           
   displayed                                       trade                                           
   displays                                        trademark                                       
   distinguishing                                  trademarks                                      
   distribute                                      transaction                                     
   distributed                                     transfer                                        
   distributing                                    transferred                                     
   distribution                                    transferring                                    
   do                                              transmission                                    
   document                                        treated                                         
   documented                                      treaty                                          
   does                                            two                                             
   domains                                         type                                            
   doubtful                                        typical                                         
   downstream                                      unacceptable                                    
   durable                                         under                                           
   dwelling                                        unless                                          
   dynamically                                     unlimited                                       
   e                                               unmodified                                      
   each                                            unnecessary                                     
   earlier                                         unpacking                                       
   effect                                          until                                           
   effected                                        updates                                         
   effective                                       use                                             
   effectively                                     used                                            
   efforts                                         useful                                          
   either                                          user                                            
   electronic                                      users                                           
   embodied                                        uses                                            
   employer                                        using                                           
   enable                                          valid                                           
   enables                                         verbatim                                        
   enforce                                         version                                         
   enforcing                                       versions                                        
   ensure                                          view                                            
   entered                                         violates                                        
   entire                                          violation                                       
   entirely                                        visible                                         
   entity                                          void                                            
   equivalent                                      volume                                          
   erroneously                                     w                                               
   essential                                       waive                                           
   even                                            waiver                                          
   ever                                            want                                            
   every                                           warranties                                      
   everyone                                        warranty                                        
   exact                                           was                                             
   example                                         way                                             
   except                                          ways                                            
   exceptions                                      we                                              
   excluded                                        welcome                                         
   excluding                                       well                                            
   exclusion                                       were                                            
   exclusively                                     what                                            
   excuse                                          whatever                                        
   executable                                      when                                            
   execute                                         where                                           
   executing                                       whether                                         
   exercise                                        which                                           
   exercising                                      who                                             
   expected                                        whole                                           
   expects                                         whom                                            
   explains                                        whose                                           
   explicitly                                      widely                                          
   express                                         will                                            
   expressly                                       window                                          
   extend                                          wish                                            
   extended                                        with                                            
   extensions                                      within                                          
   extent                                          without                                         
   f                                               work                                            
   facilities                                      work's                                          
   fails                                           working                                         
   fair                                            works                                           
   family                                          worldwide                                       
   fashion                                         would                                           
   favor                                           written                                         
   feature                                         year                                            
   fee                                             years                                           
   file                                            you                                             
   files                                           your                                            
   finally                                         yourself                                        
12345678901234567890123456789012345678901234567890123456789012345678901234567890
